// Jest Snapshot v1, https://goo.gl/fbAQLP

exports[`ExpressionContainer tests should render ExpressionContainer component 1`] = `
<div>
  <div
    class="expression-container"
  >
    <span
      class="expression-title"
    >
      Test
    </span>
    <span
      class="expression-type"
    >
      (
      &lt;Undefined&gt;
      )
    </span>
    <div
      class="expression-container-box logic-type-not-present"
    >
      Select expression
    </div>
  </div>
</div>
`;
