// Jest Snapshot v1, https://goo.gl/fbAQLP

exports[`BoxedExpressionEditor tests should render BoxedExpressionEditor component 1`] = `
<div>
  <div
    class="expression-container"
  >
    <span
      class="expression-title"
    >
      Expression Name
    </span>
    <span
      class="expression-type"
    >
      (
      &lt;Undefined&gt;
      )
    </span>
    <div
      class="expression-container-box"
    >
      <div
        class="logic-type-selector logic-type-not-present"
      >
        Select expression
      </div>
    </div>
  </div>
</div>
`;
